// Jest Snapshot v1, https://goo.gl/fbAQLP

exports[`<FormComponent /> with props  should match the snapshot 1`] = `"<div class=\\"container containerSty\\"><form><div class=\\"form-group row\\"><label for=\\"name\\" class=\\"col-sm-2 col-form-label\\">Name</label><div class=\\"col-sm-4\\"><input type=\\"text\\" class=\\"form-control\\" name=\\"name\\"/></div></div><div class=\\"form-group row\\"><label for=\\"mode\\" class=\\"col-sm-2 col-form-label\\">Mode</label><div class=\\"col-sm-4\\"><label type=\\"text\\" name=\\"mode\\"></label></div></div><div class=\\"form-group row\\"><label for=\\"mode\\" class=\\"col-sm-2 col-form-label\\">Type</label><div class=\\"col-sm-4\\"><label type=\\"text\\" name=\\"type\\"></label></div></div><div class=\\"form-group row\\"><label for=\\"mode\\" class=\\"col-sm-2 col-form-label\\">Destination</label><div class=\\"col-sm-4\\"><label type=\\"text\\" name=\\"destination\\"></label></div></div><div class=\\"form-group row\\"><label for=\\"mode\\" class=\\"col-sm-2 col-form-label\\">Origin</label><div class=\\"col-sm-4\\"><label type=\\"text\\" name=\\"total\\"></label></div></div><div class=\\"form-group row\\"><label for=\\"mode\\" class=\\"col-sm-2 col-form-label\\">Total</label><div class=\\"col-sm-4\\"><label type=\\"text\\" name=\\"total\\"></label></div></div><div class=\\"form-group row\\"><label for=\\"mode\\" class=\\"col-sm-2 col-form-label\\">Status</label><div class=\\"col-sm-4\\"><label type=\\"text\\" name=\\"status\\"></label></div></div><div class=\\"form-group row\\"><div class=\\"col-sm-3 offset-sm-0\\"><input type=\\"submit\\" value=\\"Submit\\"/></div><input type=\\"button\\" class=\\"backButton\\" value=\\"Go Back To Summary Page!\\"/></div></form></div>"`;
